Hello JP! This is written atomically.